[krunker.io/index697f.html]
[backblue.gif]
[fade.gif]
[index.html]
[krunker.io/libs/frvr-sdk.mina805.js]
[krunker.io/libs/frvr-channel-web.mina805.js]
[krunker.io/img/favicon.png]
[krunker.io/social.html]
[krunker.io/css/maina805.css]
[krunker.io/css/bundled/bundledStyles.mina805.css]
[krunker.io/css/flaga805.css]
[krunker.io/css/material-iconsa805.css]
[krunker.io/css/material-icons-outlineda805.css]
[krunker.io/css/material-symbols-outlineda805.css]
[krunker.io/css/google-playa805.css]
[krunker.io/manifest.json]
[krunker.io/img/pwa/icon60x60.png]
[krunker.io/img/pwa/icon76x76.png]
[krunker.io/img/pwa/icon120x120.png]
[krunker.io/img/pwa/icon196x196.png]
[krunker.io/img/pwa/icon256x256.png]
[krunker.io/img/pwa/icon1024x1024.png]
[krunker.io/img/pwa/icon32x32.png]
[krunker.io/img/app_1.png]
[krunker.io/img/app_0.png]
[krunker.io/img/btc_icn.png]
[krunker.io/img/police.png]
[krunker.io/img/newp.png]
[assets.krunker.io/img/shop/5a805.png]
[assets.krunker.io/img/shop/spins/4_04d08.png]
[krunker.io/img/doublexp.png]
[assets.krunker.io/img/guide/0a805.gif]
[assets.krunker.io/img/guide/host1a805.png]
[assets.krunker.io/img/guide/startserva805.png]
[assets.krunker.io/img/guide/invitea805.png]
[assets.krunker.io/img/guide/reporta805.png]
[assets.krunker.io/img/guide/report2a805.png]
[assets.krunker.io/img/guide/kpda805.png]
[assets.krunker.io/img/guide/kicka805.png]
[krunker.io/img/social/discord.png]
[krunker.io/img/social/reddit.png]
[krunker.io/img/twitch.png]
[krunker.io/img/youtube.png]
[krunker.io/img/mmok.png]
[krunker.io/img/logo_6.png]
[krunker.io/img/player_pfp.png]
[krunker.io/img/client.png]
[krunker.io/img/editor.png]
[krunker.io/img/phone_r.png]
[assets.krunker.io/img/backgrounds/vs_2a805.png]
[assets.krunker.io/textures/recticlea805.png]
[assets.krunker.io/textures/reticles/reticle_0a805.png]
[krunker.io/img/skull_0.png]
[krunker.io/img/skull_1.png]
[krunker.io/img/skull_2.png]
[krunker.io/img/skull_3.png]
[krunker.io/img/blood.png]
[krunker.io/img/powerups/0.png]
[krunker.io/img/powerups/1.png]
[krunker.io/img/powerups/2.png]
[assets.krunker.io/textures/ammo_0a805.png]
[krunker.io/img/timer.png]
[assets.krunker.io/textures/hitmarker_3a805.png]
[krunker.io/libs/mithril.mina805.js]
[platform.twitter.com/widgets.js]
[apis.google.com/js/platform.js]
[krunker.io/editor.html]
[krunker.io/libs/howler.mina805.js]
[krunker.io/libs/chart.bundle.2.8.0.mina805.js]
[krunker.io/libs/confetti.1.2.0.mina805.js]
[krunker.io/libs/Tween.mina805.js]
[unpkg.com/web3@4.8.0/dist/web3.min.js]
[krunker.io/libs/zipa805.js]
[krunker.io/libs/nipplejs.mina805.js]
[krunker.io/libs/purejscarousela805.js]
[krunker.io/libs/fflate.mina805.js]
[krunker.io/index697f.html]
[krunker.io/css/sociala805.css]
[krunker.io/index.html]
[krunker.io/img/android.png]
[krunker.io/img/ios.png]
[krunker.io/img/steam.png]
[cdnjs.cloudflare.com/ajax/libs/Chart.js/2.8.0/Chart.bundle.min.js]
[assets.krunker.io/textures/classes/icon_0.png]
[krunker.io/img/black_m.png]
[krunker.io/viewerfea7.html]
[krunker.io/viewer17c9.html]
[krunker.io/viewer59ec.html]
[krunker.io/socialb8a7.html]
[krunker.io/social2d21.html]
[krunker.io/viewerf021.html]
[krunker.io/sociald424.html]
[krunker.io/viewer92fc.html]
[krunker.io/viewer6dc0.html]
[krunker.io/viewer3fd8.html]
[krunker.io/indexd821.html]
[krunker.io/socialb3c1.html]
[krunker.io/social67b6.html]
[krunker.io/img/frvr-ui/ad-icon.svg]
[krunker.io/img/noimg.png]
[krunker.io/social0e55.html]
[krunker.io/viewer529e.html]
[krunker.io/viewerfcf5.html]
[krunker.io/img/battlepass/logo_0.png]
[krunker.io/img/frvr-ui/info-icon.svg]
[krunker.io/vieweraf93.html]
[krunker.io/img/battlepass/krunkies.svg]
[krunker.io/img/battlepass/logo_white.svg]
[krunker.io/games.html]
[krunker.io/img/frvr-ui/junk-symbol.svg]
[krunker.io/social4d0c.html]
[krunker.io/sociale8a0.html]
[krunker.io/vieweraa4c.html]
[krunker.io/viewer361c.html]
[krunker.io/social.html]
[krunker.io/viewer300a.html]
[krunker.io/indexd8f9.html]
[krunker.io/css/fonts/FrVrKrunkerBold2.ttf]
[krunker.io/css/fonts/header.ttf]
[krunker.io/img/blank_2.png]
[krunker.io/img/server_i.png]
[krunker.io/img/mobile/icon_5.png]
[krunker.io/img/mobile/icon_3.png]
[krunker.io/img/mobile/icon_6.png]
[krunker.io/img/mobile/icon_1.png]
[krunker.io/img/mobile/icon_2.png]
[krunker.io/img/mobile/icon_0.png]
[krunker.io/img/mobile/icon_4.png]
[krunker.io/img/mobile/icon_7.png]
[assets.krunker.io/img/backgrounds/free_kr5e1f.png]
[krunker.io/css/maina805.css]
[krunker.io/css/fonts/Ode_to_Idle_Gaming.woff]
[krunker.io/css/fonts/ChakraPetch-Light.ttf]
[krunker.io/css/fonts/ChakraPetch-Regular.ttf]
[krunker.io/css/fonts/ChakraPetch-Medium.ttf]
[krunker.io/css/fonts/ChakraPetch-SemiBold.ttf]
[krunker.io/css/fonts/ChakraPetch-Bold.ttf]
[krunker.io/img/frvr-ui/lights.svg]
[krunker.io/img/frvr-ui/close-icon.svg]
[krunker.io/img/bookmark_icon.png]
[krunker.io/css/bundled/bundledStyles.mina805.css]
[krunker.io/css/main_customa805.css]
[krunker.io/css/flaga805.css]
[krunker.io/css/material-iconsa805.css]
[krunker.io/css/fonts/flUhRq6tzZclQEJ-Vdg-IuiaDsNc.woff2]
[krunker.io/css/material-icons-outlineda805.css]
[krunker.io/css/material-symbols-outlineda805.css]
[krunker.io/css/fonts/gok-H7zzDkdnRel8-DQ6KAXJ69wP1tGnf4ZGhUce.woff2]
[krunker.io/css/fonts/6aez4K2oVqwIvtg2H68T.woff2]
[krunker.io/css/google-playa805.css]
[krunker.io/css/fonts/6aez4K2oVqwIvtU2Hw.woff2]
[krunker.io/css/editora805.css]
[krunker.io/css/editor_darka805.css]
[krunker.io/css/editor_customa805.css]
[krunker.io/css/pickra805.css]
[cdnjs.cloudflare.com/ajax/libs/codemirror/5.61.0/codemirror.min.css]
[cdnjs.cloudflare.com/ajax/libs/codemirror/5.61.0/theme/monokai.min.css]
[krunker.io/css/google-secular-onea805.css]
[cdnjs.cloudflare.com/ajax/libs/codemirror/5.61.0/codemirror.min.js]
[codemirror.net/5/addon/mode/simple.js]
[krunker.io/libs/quicksettings.js]
[krunker.io/libs/pickr.mina805.js]
[krunker.io/libs/jszip.mina805.js]
[krunker.io/img/noimg2.png]
[krunker.io/scripting.html]
[krunker.io/img/crosshair.png]
[krunker.io/editor.html]
[krunker.io/index.html]
[assets.krunker.io/img/backgrounds/bg_test.png]
[krunker.io/css/sociala805.css]
[krunker.io/css/social_customa805.css]
[krunker.io/clan/index.html]
[krunker.io/social8675.html]
[krunker.io/libs/dat.gui.min.js]
[krunker.io/libs/zip.js]
[krunker.io/viewerfea7.html]
[krunker.io/viewer17c9.html]
[krunker.io/viewer59ec.html]
[krunker.io/openURL(`/index5620.html]
[krunker.io/socialb8a7.html]
[krunker.io/social2d21.html]
[krunker.io/lib/elliptic.html]
[krunker.io/istanbul test _mocha --reporter=spec test/index.html]
[krunker.io/skin/index.html]
[krunker.io/thumb.html]
[krunker.io/map/index.html]
[krunker.io/viewerf021.html]
[krunker.io/img/backgrounds/bg_test.html]
[krunker.io/social2ea1.html]
[krunker.io/sociald424.html]
[krunker.io/sound/index.html]
[krunker.io/img/medals/badge_0.html]
[krunker.io/indexd821.html]
[krunker.io/viewer92fc.html]
[krunker.io/socialec3c.html]
[krunker.io/viewer6dc0.html]
[krunker.io/viewer3fd8.html]
[krunker.io/social67b6.html]
[krunker.io/socialb3c1.html]
[krunker.io/textures/index.html]
[krunker.io/img/levels/index.html]
[krunker.io/profile.html]
[krunker.io/img/frvr-ui/ad-icon.svg]
[krunker.io/social0e55.html]
[krunker.io/viewer529e.html]
[krunker.io/viewerfcf5.html]
[krunker.io/img/modes/index.html]
[krunker.io/mod.html]
[krunker.io/ABCDEFGHIJKLMNOPQRSTUVWXYZabcdefghijklmnopqrstuvwxyz0123456789+/index.html]
[krunker.io/img/frvr-ui/info-icon.svg]
[krunker.io/i18n/index.html]
[krunker.io/vieweraf93.html]
[krunker.io/promo/og.html]
[krunker.io/img/backgrounds/index.html]
[krunker.io/img/battlepass/krunkies.svg]
[krunker.io/img/battlepass/logo_white.svg]
[krunker.io/indexd8f9.html]
[krunker.io/games.html]
[krunker.io/sprays/index.html]
[krunker.io/dyes/index.html]
[krunker.io/css/gamesa805.css]
[krunker.io/img/frvr-ui/junk-symbol.svg]
[krunker.io/index8394.html]
[krunker.io/index395f.html]
[krunker.io/indexa018.html]
[krunker.io/indexab12.html]
[krunker.io/social4d0c.html]
[krunker.io/sociale8a0.html]
[krunker.io/img/connections/opensea.html]
[krunker.io/viewer361c.html]
[krunker.io/vieweraa4c.html]
[krunker.io/viewer300a.html]
[krunker.io/img/medals/medal_0.html]
[krunker.io/img/frvr-ui/lights.svg]
[krunker.io/img/frvr-ui/close-icon.svg]
[krunker.io/css/fonts/6aez4K2oVqwIvtE2H68T.html]
[krunker.io/css/fonts/6aez4K2oVqwIvtY2H68T.html]
[krunker.io/css/fonts/6aez4K2oVqwIvto2H68T.html]
[krunker.io/css/fonts/6aez4K2oVqwIvts2H68T.html]
[krunker.io/img/editor_prev.png]
[assets.krunker.io/img/menu-bg/6.png]
[assets.krunker.io/img/education/teacher_1.gif]
[krunker.io/css/editora805.css]
[krunker.io/css/editor_darka805.css]
[krunker.io/css/editor_customa805.css]
[krunker.io/css/pickra805.css]
[cdnjs.cloudflare.com/ajax/libs/codemirror/5.61.0/codemirror.min.css]
[cdnjs.cloudflare.com/ajax/libs/codemirror/5.61.0/theme/monokai.min.css]
[krunker.io/css/fonts/8QINdiTajsj_87rMuMdKyqDgOOhLLA.woff2]
[krunker.io/css/google-secular-onea805.css]
[krunker.io/textures/sheet_metal_0.html]
[krunker.io/textures/acidbarrel_0.html]
[krunker.io/textures/water_tower_0.html]
[krunker.io/img/publishing/3_main.html]
[krunker.io/textures/ac_unit_0.html]
[krunker.io/img/publishing/2_main.html]
[krunker.io/cosmetics/index.html]
[krunker.io/textures/tiles_0.html]
[krunker.io/textures/police_0.html]
[krunker.io/previews/index.html]
[krunker.io/%;background-image_url(img/index.html]
[krunker.io/textures/grass_0.html]
[krunker.io/textures/reticles/reticle_0.html]
[krunker.io/textures/satellite_dish_0.html]
[krunker.io/texture.html]
[krunker.io/textures/lamp_0.html]
[krunker.io/img/templates/index.html]
[krunker.io/textures/spawn_0.html]
[krunker.io/img/publishing/3_share.html]
[krunker.io/model.html]
[krunker.io/textures/scopes/scope_0.html]
[krunker.io/textures/ghost_0.html]
[krunker.io/models/index.html]
[krunker.io/textures/vehicle_0.html]
[krunker.io/textures/crate_0.html]
[krunker.io/maps/index.html]
[krunker.io/convertedVoxels.html]
[krunker.io/img/publishing/1_good.html]
[krunker.io/textures/tree_0.html]
[krunker.io/textures/pad_0.html]
[krunker.io/convertedImage.html]
[krunker.io/textures/cone_0.html]
[krunker.io/textures/knight_0.html]
[krunker.io/textures/window_0.html]
[krunker.io/img/publishing/3_search.html]
[krunker.io/textures/weapons/index.html]
[krunker.io/scripts/index.html]
[krunker.io/textures/cage_0.html]
[krunker.io/reflect.html]
[krunker.io/textures/cardb_0.html]
[krunker.io/img/publishing/1_bad.html]
[krunker.io/textures/barrel_0.html]
[krunker.io/_save.html]
[krunker.io/GAME.CAMERA.position.html]
[krunker.io/GAME.CAMERA.rotation.html]
[krunker.io/textures/weaponbox_0.html]
[krunker.io/textures/event_0.html]
[krunker.io/textures/stack_0.html]
[krunker.io/textures/door_0.html]
[krunker.io/css/fonts/8QINdiTajsj_87rMuMdKyqDiOOg.woff2]
[assets.krunker.io/promo/og.png]
[krunker.io/css/scriptinga805.css]
[cdnjs.cloudflare.com/ajax/libs/codemirror/5.61.1/codemirror.min.css]
[cdnjs.cloudflare.com/ajax/libs/codemirror/5.61.1/theme/material-palenight.min.css]
[cdnjs.cloudflare.com/ajax/libs/codemirror/5.61.1/addon/dialog/dialog.min.css]
[codemirror.net/5/addon/hint/show-hint.css]
[codemirror.net/5/addon/fold/foldgutter.css]
[cdnjs.cloudflare.com/ajax/libs/codemirror/5.61.1/codemirror.min.js]
[cdnjs.cloudflare.com/ajax/libs/codemirror/5.61.1/addon/search/search.min.js]
[cdnjs.cloudflare.com/ajax/libs/codemirror/5.61.1/addon/search/searchcursor.min.js]
[cdnjs.cloudflare.com/ajax/libs/codemirror/5.61.1/addon/search/jump-to-line.min.js]
[cdnjs.cloudflare.com/ajax/libs/codemirror/5.61.1/addon/dialog/dialog.min.js]
[cdnjs.cloudflare.com/ajax/libs/codemirror/5.61.1/addon/selection/active-line.min.js]
[cdnjs.cloudflare.com/ajax/libs/codemirror/5.61.1/addon/edit/matchbrackets.min.js]
[cdnjs.cloudflare.com/ajax/libs/codemirror/5.61.1/addon/edit/closebrackets.min.js]
[codemirror.net/5/addon/hint/show-hint.js]
[codemirror.net/5/addon/comment/comment.js]
[codemirror.net/5/addon/selection/mark-selection.js]
[codemirror.net/5/addon/fold/foldcode.js]
[codemirror.net/5/addon/fold/foldgutter.js]
[krunker.io/scripting.html]
[krunker.io/textures/teddy_0.html]
[krunker.io/textures/container_0.html]
[krunker.io/textures/containerr_0.html]
[krunker.io/textures/pallet_0.html]
[krunker.io/textures/ebarrel_0.html]
[krunker.io/textures/pumpkin_0.html]
[krunker.io/textures/skeleton_0.html]
[krunker.io/textures/gift_0.html]
[krunker.io/textures/christmastree_0.html]
[krunker.io/textures/cane_0.html]
[krunker.io/textures/clouds_0.html]
[krunker.io/textures/dumpster_0.html]
[krunker.io/textures/antenna_0.html]
[krunker.io/textures/krummachine_0.html]
[krunker.io/textures/water_0.html]
[krunker.io/+t[s].fund+e(5208)+t[s].map_id+e(8835)+(i&&i57eb.html]
[codemirror.net/5/addon/fold/brace-fold.js]
[krunker.io/social8675.html]
[krunker.io/6_default.html]
[krunker.io/weapons/index.html]
[krunker.io/5_default.html]
[krunker.io/render.html]
[krunker.io/9_default.html]
[krunker.io/8_default.html]
[krunker.io/attach/index.html]
[krunker.io/2_default.html]
[krunker.io/weapons/skins/index.html]
[krunker.io/particles/index.html]
[krunker.io/1_default.html]
[krunker.io/models/weapons/index.html]
[krunker.io/7_default.html]
[krunker.io/social2ea1.html]
[krunker.io/socialec3c.html]
[krunker.io/css/gamesa805.css]
[krunker.io/index395f.html]
[krunker.io/index8394.html]
[krunker.io/indexa018.html]
[krunker.io/indexab12.html]
[krunker.io/css/fonts/8QINdiTajsj_87rMuMdKyqDsOOhLLA.html]
[krunker.io/css/scriptinga805.css]
[cdnjs.cloudflare.com/ajax/libs/codemirror/5.61.1/codemirror.min.css]
[cdnjs.cloudflare.com/ajax/libs/codemirror/5.61.1/theme/material-palenight.min.css]
[cdnjs.cloudflare.com/ajax/libs/codemirror/5.61.1/addon/dialog/dialog.min.css]
[codemirror.net/5/addon/hint/show-hint.css]
[codemirror.net/5/addon/fold/foldgutter.css]
[krunker.io/css/fonts/sans_r.html]
